2026-09-12	กรรม	gam	kamma, action	ยมกวรรค
2026-09-12	กล่าว	glàao	to say, recite	ยมกวรรค
2026-09-12	กัน	gan	together, one another	ยมกวรรค
2026-09-12	การ	gaan	the act of (nominaliser)	ยมกวรรค
2026-09-12	กาล	gaan	time, occasion	ยมกวรรค
2026-09-12	กาลี	gaa-lii	Kālī (name)	ยมกวรรค
2026-09-12	กาสาวะ	gaa-sǎa-wá	ochre robe (kāsāva)	ยมกวรรค
2026-09-12	กำลัง	gam-lang	currently (progressive); strength	ยมกวรรค
2026-09-12	กิเลส	gì-lèet	defilement, passion	ยมกวรรค
2026-09-12	ก็	gɔ̂ɔ	then, also (linking particle)	ยมกวรรค
2026-09-12	ของ	kɔ̌ɔng	of, belonging to	ยมกวรรค
2026-09-12	ขึ้น	kûen	up, increasingly	ยมกวรรค
2026-09-12	คน	kon	person, people	ยมกวรรค
2026-09-12	ครอบงำ	krɔ̂ɔp-ngam	to overpower, dominate	ยมกวรรค
2026-09-12	ครั้น	krán	when, upon (literary)	ยมกวรรค
2026-09-12	ควร	kuan	should, ought	ยมกวรรค
2026-09-12	ความ	kwaam	-ness (nominaliser); matter	ยมกวรรค
2026-09-12	ความเพียร	kwaam-pian	effort, exertion	ยมกวรรค
2026-09-12	คันธาระ	kan-tǎa-rá	Gandhāra (place)	ยมกวรรค
2026-09-12	คาย	kaai	to spit out, disgorge	ยมกวรรค
2026-09-12	คู่	kûu	pair, couple	ยมกวรรค
2026-09-12	ฆ่า	kâa	to kill	ยมกวรรค
2026-09-12	งาม	ngaam	beautiful	ยมกวรรค
2026-09-12	จบ	jòp	end, finish	ยมกวรรค
2026-09-12	จอง	jɔɔng	to reserve; to hold (a grudge)	ยมกวรรค
2026-09-12	จะ	jà	will (future marker)	ยมกวรรค
2026-09-12	จักขุบาล	jàk-kù-baan	Cakkhupāla (monk's name)	ยมกวรรค
2026-09-12	จักขุปาล	jàk-kù-bpaan	Cakkhupāla (monk's name)	ยมกวรรค
2026-09-12	จาก	jàak	from	ยมกวรรค
2026-09-12	จิต	jìt	mind, consciousness	ยมกวรรค
2026-09-12	จึง	jueng	therefore, so	ยมกวรรค
2026-09-12	จุนท	jun-tá	Cunda (name)	ยมกวรรค
2026-09-12	จุนทะ	jun-tá	Cunda (name)	ยมกวรรค
2026-09-12	ฉะนั้น	chà-nán	thus, therefore	ยมกวรรค
2026-09-12	ฉันนั้น	chǎn-nán	so too (literary)	ยมกวรรค
2026-09-12	ฉันใด	chǎn-dai	just as (literary)	ยมกวรรค
2026-09-12	ชน	chon	people, person (formal)	ยมกวรรค
2026-09-12	ชนะ	chá-ná	to win, defeat	ยมกวรรค
2026-09-12	ชอบ	chɔ̂ɔp	right, proper; to like	ยมกวรรค
2026-09-12	ชัด	chát	clear, distinct	ยมกวรรค
2026-09-12	ชั่ว	chûa	evil, bad, wicked	ยมกวรรค
2026-09-12	ชาว	chaao	inhabitant of, people of	ยมกวรรค
2026-09-12	ชีวิต	chii-wít	life	ยมกวรรค
2026-09-12	ชื่อ	chûe	name; to be named	ยมกวรรค
2026-09-12	ชื่อว่า	chûe-wâa	is called, is said to be	ยมกวรรค
2026-09-12	ซึ่ง	sûeng	which, that	ยมกวรรค
2026-09-12	ณ	ná	at (formal)	ยมกวรรค
2026-09-12	ดังนี้	dang-níi	thus, as follows	ยมกวรรค
2026-09-12	ดำริ	dam-rì	thought, intention	ยมกวรรค
2026-09-12	ดี	dii	good	ยมกวรรค
2026-09-12	ดุจ	dùt	like, as if	ยมกวรรค
2026-09-12	ด่า	dàa	to scold, abuse verbally	ยมกวรรค
2026-09-12	ด้วย	dûai	with, by means of	ยมกวรรค
2026-09-12	ตน	dton	oneself	ยมกวรรค
2026-09-12	ตรัส	dtràt	to speak (of the Buddha or royalty)	ยมกวรรค
2026-09-12	ตัว	dtua	body, self	ยมกวรรค
2026-09-12	ตั้งมั่น	dtâng-mân	firmly established	ยมกวรรค
2026-09-12	ตาม	dtaam	to follow; according to	ยมกวรรค
2026-09-12	ตาย	dtaai	to die	ยมกวรรค
2026-09-12	ติดตาม	dtìt-dtaam	to follow, pursue	ยมกวรรค
2026-09-12	ติสส	dtìt-sà	Tissa (name)	ยมกวรรค
2026-09-12	ต้นไม้	dtôn-máai	tree	ยมกวรรค
2026-09-12	ถ้า	tâa	if	ยมกวรรค
2026-09-12	ทมะ	tá-má	self-control (dama)	ยมกวรรค
2026-09-12	ทรง	song	royal/monastic verb marker	ยมกวรรค
2026-09-12	ทะเลาะ	tá-lɔ́	to quarrel	ยมกวรรค
2026-09-12	ทั้งสอง	táng-sɔ̌ɔng	both	ยมกวรรค
2026-09-12	ทั้งหลาย	táng-lǎai	all, the various	ยมกวรรค
2026-09-12	ทาง	taang	way, path	ยมกวรรค
2026-09-12	ทำ	tam	to do, to make	ยมกวรรค
2026-09-12	ที่	tîi	that, which; place	ยมกวรรค
2026-09-12	ทุกข์	túk	suffering, dukkha	ยมกวรรค
2026-09-12	ทุคติ	túk-ká-dtì	woeful realm, bad destination	ยมกวรรค
2026-09-12	ธรรม	tam	dhamma; teaching, truth, phenomenon	ยมกวรรค
2026-09-12	ธัมมิก	tam-mí-gà	righteous (dhammika)	ยมกวรรค
2026-09-12	ธิดา	tí-daa	daughter	ยมกวรรค
2026-09-12	นันท	nan-tá	Nanda (name)	ยมกวรรค
2026-09-12	นับ	náp	to count	ยมกวรรค
2026-09-12	นั้น	nán	that	ยมกวรรค
2026-09-12	นาง	naang	lady, Mrs	ยมกวรรค
2026-09-12	นาย	naai	mister, master	ยมกวรรค
2026-09-12	นี้	níi	this	ยมกวรรค
2026-09-12	นุ่งห่ม	nûng-hòm	to wear, don (robes)	ยมกวรรค
2026-09-12	น้อย	nɔ́ɔi	little, few	ยมกวรรค
2026-09-12	น้ำฝาด	nám-fàat	astringent dye-water (figure for defilement)	ยมกวรรค
2026-09-12	บริสุทธิ์	bɔɔ-rí-sùt	pure	ยมกวรรค
2026-09-12	บริโภค	bɔɔ-rí-pôok	to consume, eat	ยมกวรรค
2026-09-12	บันเทิง	ban-təəng	to be joyful, delighted	ยมกวรรค
2026-09-12	บาป	bàap	evil, demerit	ยมกวรรค
2026-09-12	บิดา	bì-daa	father (formal)	ยมกวรรค
2026-09-12	บุคคล	bùk-kon	person, individual	ยมกวรรค
2026-09-12	บุญ	bun	merit	ยมกวรรค
2026-09-12	ปกติ	bpòk-gà-dtì	normal, usual; habitually	ยมกวรรค
2026-09-12	ปฏิบัติ	bpà-dtì-bàt	to practise, conduct oneself	ยมกวรรค
2026-09-12	ประกอบ	bprà-gɔ̀ɔp	to be endowed with, consist of	ยมกวรรค
2026-09-12	ประพฤติ	bprà-prúet	to behave, practise	ยมกวรรค
2026-09-12	ประมาณ	bprà-maan	measure, moderation	ยมกวรรค
2026-09-12	ประมาท	bprà-màat	heedless, negligent	ยมกวรรค
2026-09-12	ประสบ	bprà-sòp	to meet with, attain	ยมกวรรค
2026-09-12	ปรารภ	bpraa-róp	to take as occasion, refer to	ยมกวรรค
2026-09-12	ปราศจาก	bpràat-sà-jàak	free from, devoid of	ยมกวรรค
2026-09-12	ปริพาชก	bpà-rí-paa-chók	wandering ascetic (paribbājaka)	ยมกวรรค
2026-09-12	ผล	pǒn	fruit, result	ยมกวรรค
2026-09-12	ผิด	pìt	wrong	ยมกวรรค
2026-09-12	ผูก	pùuk	to tie, bind	ยมกวรรค
2026-09-12	ผู้	pûu	one who, person	ยมกวรรค
2026-09-12	ผู้ใด	pûu-dai	whoever	ยมกวรรค
2026-09-12	ผ้า	pâa	cloth, garment	ยมกวรรค
2026-09-12	ฝน	fǒn	rain	ยมกวรรค
2026-09-12	พระ	prá	honorific for monks, Buddhas, royalty	ยมกวรรค
2026-09-12	พระคาถา	prá-kaa-tǎa	verse, stanza (gāthā)	ยมกวรรค
2026-09-12	พระผู้มีพระภาค	prá-pûu-mii-prá-pâak	the Blessed One, the Buddha	ยมกวรรค
2026-09-12	พราหมณ์	praam	brahmin	ยมกวรรค
2026-09-12	พวก	pûak	group; plural marker	ยมกวรรค
2026-09-12	พัด	pát	to blow (of wind)	ยมกวรรค
2026-09-12	พายุ	paa-yú	storm, gale	ยมกวรรค
2026-09-12	พิจารณา	pí-jaa-rá-naa	to consider, contemplate	ยมกวรรค
2026-09-12	พุทธพจน์	pút-tá-pót	the Buddha's word	ยมกวรรค
2026-09-12	พูด	pûut	to speak	ยมกวรรค
2026-09-12	ภิกขุ	pík-kù	monk (bhikkhu)	ยมกวรรค
2026-09-12	ภิกษุ	pík-sù	Buddhist monk	ยมกวรรค
2026-09-12	ภูเขา	puu-kǎo	mountain	ยมกวรรค
2026-09-12	มหากาล	má-hǎa-gaan	Mahākāla (name)	ยมกวรรค
2026-09-12	มัฏฐกุณฑลี	mát-tà-gun-dà-lii	Maṭṭhakuṇḍalī (name)	ยมกวรรค
2026-09-12	มัว	mua	preoccupied with; dimmed	ยมกวรรค
2026-09-12	มั่นคง	mân-kong	firm, stable	ยมกวรรค
2026-09-12	มาก	mâak	much, many	ยมกวรรค
2026-09-12	มาร	maan	Māra, the tempter	ยมกวรรค
2026-09-12	มี	mii	to have; there is	ยมกวรรค
2026-09-12	มุง	mung	to roof, thatch	ยมกวรรค
2026-09-12	มุ่งร้าย	mûng-ráai	malice, ill will	ยมกวรรค
2026-09-12	ยมก	yá-má-gà	pair, twin (Pali yamaka)	ยมกวรรค
2026-09-12	ยักขินี	yák-kì-nii	female yakkha, ogress	ยมกวรรค
2026-09-12	ยักษ์	yák	yakkha, ogre	ยมกวรรค
2026-09-12	ยัง	yang	still, yet	ยมกวรรค
2026-09-12	ยิ่ง	yîng	even more, exceedingly	ยมกวรรค
2026-09-12	ยึดติด	yúet-dtìt	to cling, be attached	ยมกวรรค
2026-09-12	ย่อม	yɔ̂ɔm	invariably, naturally (formal)	ยมกวรรค
2026-09-12	ย่อยยับ	yɔ̂i-yáp	to be ruined, destroyed	ยมกวรรค
2026-09-12	ย่อหย่อน	yɔ̂ɔ-yɔ̀ɔn	slack, lax	ยมกวรรค
2026-09-12	รด	rót	to pour on, water	ยมกวรรค
2026-09-12	รอยเท้า	rɔɔi-táo	footprint	ยมกวรรค
2026-09-12	ระงับ	rá-ngáp	to subside, be appeased	ยมกวรรค
2026-09-12	รับ	ráp	to receive	ยมกวรรค
2026-09-12	รับจ้าง	ráp-jâang	hired, working for wages	ยมกวรรค
2026-09-12	รั่ว	rûa	to leak	ยมกวรรค
2026-09-12	ราคะ	raa-ká	lust, passion (rāga)	ยมกวรรค
2026-09-12	ราคา	raa-kaa	price, value	ยมกวรรค
2026-09-12	ราชคฤห์	râat-chá-krúe	Rājagaha (place)	ยมกวรรค
2026-09-12	รื่นเริง	rûen-rəəng	cheerful, merry	ยมกวรรค
2026-09-12	รู้	rúu	to know	ยมกวรรค
2026-09-12	รู้จัก	rúu-jàk	to know, be acquainted with	ยมกวรรค
2026-09-12	ลง	long	down	ยมกวรรค
2026-09-12	ละ	lá	to abandon, give up	ยมกวรรค
2026-09-12	ลัก	lák	to steal	ยมกวรรค
2026-09-12	ลาก	lâak	to drag, pull	ยมกวรรค
2026-09-12	ล้อ	lɔ́ɔ	wheel	ยมกวรรค
2026-09-12	วรรค	wák	chapter, section	ยมกวรรค
2026-09-12	วัตถุ	wát-tù	story, account; object, matter	ยมกวรรค
2026-09-12	ว่า	wâa	that (complementiser); to say	ยมกวรรค
2026-09-12	ว่าด้วย	wâa-dûai	concerning, dealing with	ยมกวรรค
2026-09-12	ศรัทธา	sàt-taa	faith, confidence	ยมกวรรค
2026-09-12	ศิลา	sì-laa	rock, stone	ยมกวรรค
2026-09-12	ศีล	sǐin	moral precepts, virtue	ยมกวรรค
2026-09-12	สงบ	sà-ngòp	calm, peaceful	ยมกวรรค
2026-09-12	สมควร	sǒm-kuan	fitting, appropriate	ยมกวรรค
2026-09-12	สมณะ	sà-má-ná	recluse, ascetic	ยมกวรรค
2026-09-12	สหาย	sà-hǎai	friend, companion	ยมกวรรค
2026-09-12	สหายก	sà-hǎai-yók	companion (sahāyaka)	ยมกวรรค
2026-09-12	สอง	sɔ̌ɔng	two	ยมกวรรค
2026-09-12	สัจจะ	sàt-jà	truth, truthfulness	ยมกวรรค
2026-09-12	สัญชย	sǎn-chá-yá	Sañjaya (name)	ยมกวรรค
2026-09-12	สัญชัย	sǎn-chai	Sañjaya (name)	ยมกวรรค
2026-09-12	สาระ	sǎa-rá	essence, substance, pith	ยมกวรรค
2026-09-12	สำรวม	sǎm-ruam	to restrain, be composed	ยมกวรรค
2026-09-12	สำเร็จ	sǎm-rèt	to accomplish, be completed	ยมกวรรค
2026-09-12	สิ่ง	sìng	thing	ยมกวรรค
2026-09-12	สิ่งของ	sìng-kɔ̌ɔng	belongings, things	ยมกวรรค
2026-09-12	สุกร	sù-gɔɔn	pig	ยมกวรรค
2026-09-12	สุข	sùk	happiness, ease	ยมกวรรค
2026-09-12	สุคติ	sù-ká-dtì	happy realm, good destination	ยมกวรรค
2026-09-12	สุมนา	sù-má-naa	Sumanā (name)	ยมกวรรค
2026-09-12	สูกริก	sǔu-gà-rìk	pork butcher (sūkarika)	ยมกวรรค
2026-09-12	สู่	sùu	towards, to	ยมกวรรค
2026-09-12	ส่วน	sùan	as for; part	ยมกวรรค
2026-09-12	หญิง	yǐng	woman	ยมกวรรค
2026-09-12	หนึ่ง	nùeng	one	ยมกวรรค
2026-09-12	หน้า	nâa	next; face; page	ยมกวรรค
2026-09-12	หมวด	mùuat	category, group	ยมกวรรค
2026-09-12	หมุน	mǔn	to turn, rotate	ยมกวรรค
2026-09-12	หมู่	mùu	group, community	ยมกวรรค
2026-09-12	หรือ	rǔe	or	ยมกวรรค
2026-09-12	หลุดพ้น	lùt-pón	liberated, freed	ยมกวรรค
2026-09-12	หัก	hàk	to break, snap	ยมกวรรค
2026-09-12	หัวหน้า	hǔa-nâa	leader, chief	ยมกวรรค
2026-09-12	อทินนปุพพก	à-tin-ná-bùp-pá-gà	Adinnapubbaka (name)	ยมกวรรค
2026-09-12	อนาถบิณฑิก	à-nàat-bin-tì-gà	Anāthapiṇḍika (name)	ยมกวรรค
2026-09-12	อบรม	òp-rom	to train, cultivate	ยมกวรรค
2026-09-12	อยู่	yùu	to be at; continuous marker	ยมกวรรค
2026-09-12	อินทรีย์	in-sǐi	sense faculties (indriya)	ยมกวรรค
2026-09-12	อื่น	ùen	other	ยมกวรรค
2026-09-12	อุบาสก	ù-baa-sòk	lay male devotee	ยมกวรรค
2026-09-12	อุปาสก	ù-bpaa-sòk	lay male devotee	ยมกวรรค
2026-09-12	เกวียน	gwian	cart, wagon	ยมกวรรค
2026-09-12	เกียจคร้าน	gìat-kráan	lazy, indolent	ยมกวรรค
2026-09-12	เก่า	gào	old, ancient	ยมกวรรค
2026-09-12	เขา	kǎo	he, she, they	ยมกวรรค
2026-09-12	เข้า	kâo	to enter	ยมกวรรค
2026-09-12	เงา	ngao	shadow	ยมกวรรค
2026-09-12	เดือดร้อน	dùeat-rɔ́ɔn	to be distressed, troubled	ยมกวรรค
2026-09-12	เถร	těe-rá	elder monk (thera)	ยมกวรรค
2026-09-12	เถระ	těe-rá	elder monk	ยมกวรรค
2026-09-12	เทวทัต	tee-wá-tát	Devadatta (name)	ยมกวรรค
2026-09-12	เทวทัตต	tee-wá-tát-dtà	Devadatta (name)	ยมกวรรค
2026-09-12	เทวี	tee-wii	goddess, queen	ยมกวรรค
2026-09-12	เทฺว	tá-wee	two (Pali dve)	ยมกวรรค
2026-09-12	เป็น	bpen	to be, to become	ยมกวรรค
2026-09-12	เพราะ	prɔ́	because	ยมกวรรค
2026-09-12	เพราะว่า	prɔ́-wâa	because	ยมกวรรค
2026-09-12	เพลิดเพลิน	plə̂ət-pləən	to delight in, enjoy	ยมกวรรค
2026-09-12	เมือง	mueang	city, town	ยมกวรรค
2026-09-12	เรา	rao	we, I, me	ยมกวรรค
2026-09-12	เรือน	ruean	house, dwelling	ยมกวรรค
2026-09-12	เรื่อง	rûeang	story, matter, about	ยมกวรรค
2026-09-12	เลย	ləəi	at all; beyond	ยมกวรรค
2026-09-12	เลี้ยง	líang	to raise, tend	ยมกวรรค
2026-09-12	เล็ก	lék	small	ยมกวรรค
2026-09-12	เวร	ween	enmity, hatred, vengeance	ยมกวรรค
2026-09-12	เศรษฐี	sèet-tǐi	wealthy merchant, banker	ยมกวรรค
2026-09-12	เศร้าหมอง	sâo-mɔ̌ɔng	defiled, tarnished, gloomy	ยมกวรรค
2026-09-12	เศร้าโศก	sâo-sòok	to grieve, sorrow	ยมกวรรค
2026-09-12	เสีย	sǐa	to lose, spoil	ยมกวรรค
2026-09-12	เหมือน	mǔean	like, as	ยมกวรรค
2026-09-12	เหล่า	lào	group, those	ยมกวรรค
2026-09-12	เหล่านั้น	lào-nán	those	ยมกวรรค
2026-09-12	เหล่าใด	lào-dai	whoever, those who	ยมกวรรค
2026-09-12	เห็น	hěn	to see	ยมกวรรค
2026-09-12	แก่	gɛ̀ɛ	to, for (indirect object)	ยมกวรรค
2026-09-12	แคว้น	kwɛ́ɛn	region, realm	ยมกวรรค
2026-09-12	แต่	dtɛ̀ɛ	but	ยมกวรรค
2026-09-12	แม้	mɛ́ɛ	even, although	ยมกวรรค
2026-09-12	แล	lɛɛ	indeed (literary particle)	ยมกวรรค
2026-09-12	และ	lɛ́	and	ยมกวรรค
2026-09-12	แล้ว	lɛ́ɛo	already, then	ยมกวรรค
2026-09-12	แห่ง	hɛ̀ng	of (formal genitive)	ยมกวรรค
2026-09-12	โกสัมพิก	goo-sǎm-pí-gà	of Kosambī	ยมกวรรค
2026-09-12	โกสัมพี	goo-sǎm-pii	Kosambī (place)	ยมกวรรค
2026-09-12	โค	koo	ox, cow	ยมกวรรค
2026-09-12	โค่น	kôon	to fell, topple	ยมกวรรค
2026-09-12	โทสะ	too-sà	hatred, anger (dosa)	ยมกวรรค
2026-09-12	โมหะ	moo-hà	delusion (moha)	ยมกวรรค
2026-09-12	โลก	lôok	world	ยมกวรรค
2026-09-12	ใจ	jai	heart, mind	ยมกวรรค
2026-09-12	ใน	nai	in	ยมกวรรค
2026-09-12	ใหญ่	yài	big, great	ยมกวรรค
2026-09-12	ให้	hâi	to give; to cause to	ยมกวรรค
2026-09-12	ได้	dâai	to get; can; past marker	ยมกวรรค
2026-09-12	ไป	bpai	to go	ยมกวรรค
2026-09-12	ไม่	mâi	not	ยมกวรรค
2026-09-12	ไว้	wái	to keep, set aside (resultative)	ยมกวรรค
2026-09-12	ไหน	nǎi	which, where	ยมกวรรค
